// Vitest Snapshot v1, https://vitest.dev/guide/snapshot.html

exports[`unit:utils/loadTsconfig > should return TSConfig object if tsconfig file is found 1`] = `
{
  "compilerOptions": {
    "allowImportingTsExtensions": true,
    "allowJs": true,
    "allowUnreachableCode": false,
    "alwaysStrict": false,
    "baseUrl": "..",
    "checkJs": false,
    "customConditions": [
      "import",
      "node",
      "default",
    ],
    "declaration": false,
    "declarationMap": false,
    "emitDecoratorMetadata": false,
    "esModuleInterop": true,
    "exactOptionalPropertyTypes": true,
    "experimentalDecorators": false,
    "forceConsistentCasingInFileNames": true,
    "lib": [
      "es2020",
    ],
    "module": "esnext",
    "moduleResolution": "bundler",
    "newLine": "lf",
    "noEmit": true,
    "noEmitOnError": true,
    "noErrorTruncation": true,
    "noFallthroughCasesInSwitch": true,
    "noImplicitAny": true,
    "noImplicitOverride": true,
    "noImplicitReturns": true,
    "noUncheckedIndexedAccess": true,
    "noUnusedLocals": false,
    "noUnusedParameters": false,
    "outDir": "../dist",
    "paths": {
      "#fixtures/*": [
        "__fixtures__/*",
      ],
      "#src": [
        "src/index",
      ],
      "#src/*": [
        "src/*",
      ],
      "#tests/*": [
        "__tests__/*",
      ],
      "@flex-development/tsconfig-utils": [
        "src/index",
      ],
    },
    "preserveConstEnums": true,
    "preserveSymlinks": false,
    "pretty": true,
    "resolveJsonModule": true,
    "resolvePackageJsonExports": true,
    "resolvePackageJsonImports": true,
    "rootDir": "..",
    "skipDefaultLibCheck": false,
    "skipLibCheck": false,
    "sourceMap": true,
    "strict": true,
    "strictNullChecks": true,
    "strictPropertyInitialization": true,
    "target": "es2020",
    "useDefineForClassFields": true,
    "useUnknownInCatchVariables": true,
    "verbatimModuleSyntax": true,
  },
  "exclude": [
    "**/__mocks__/**",
    "**/__tests__/**",
  ],
  "extends": "../tsconfig",
  "include": [
    "../dist/*",
    "../src/*",
  ],
  "references": [],
}
`;
