// Vitest Snapshot v1, https://vitest.dev/guide/snapshot.html

exports[`unit:internal/visitDirectory > fs (default) > should not revisit \`parent\` (0) 1`] = `[]`;

exports[`unit:internal/visitDirectory > fs (default) > should not revisit \`parent\` (1) 1`] = `
[
  \${process.cwd()}/src/index.mts,
]
`;

exports[`unit:internal/visitDirectory > fs (default) > should not revisit \`parent\` (2) 1`] = `[]`;

exports[`unit:internal/visitDirectory > fs (only async) > should not revisit \`parent\` (0) 1`] = `[]`;

exports[`unit:internal/visitDirectory > fs (only async) > should not revisit \`parent\` (1) 1`] = `
[
  \${process.cwd()}/src/index.mts,
]
`;

exports[`unit:internal/visitDirectory > fs (only async) > should not revisit \`parent\` (2) 1`] = `[]`;
